// Jest Snapshot v1, https://goo.gl/fbAQLP

exports[`SearchResults renders correctly 1`] = `
<DocumentFragment>
  <p
    class="search-results-header"
  >
    Search Results
  </p>
  <div
    class="search-results-images"
    data-testid="search-results-images"
  >
    <span
      class="image-wrapper"
    >
      <img
        alt="NASA"
        class="results-image"
        data-testid="image-result-0"
        src="image1.jpg"
      />
    </span>
    <span
      class="image-wrapper"
    >
      <img
        alt="NASA"
        class="results-image"
        data-testid="image-result-1"
        src="image2.jpg"
      />
    </span>
    <span
      class="image-wrapper"
    >
      <img
        alt="NASA"
        class="results-image"
        data-testid="image-result-2"
        src="image3.jpg"
      />
    </span>
    <span
      class="last-child"
    />
  </div>
</DocumentFragment>
`;
